// Jest Snapshot v1, https://goo.gl/fbAQLP

exports[`<RideList /> Should have a snapshot 1`] = `
<LoadingSpinnerView
  isLoading={false}
>
  <ListViewMock
    dataSource={
      ListViewDataSource {
        "items": 1,
      }
    }
    enableEmptySections={true}
    renderRow={[Function]}
    renderScrollComponent={[Function]}
  />
</LoadingSpinnerView>
`;
