// Jest Snapshot v1, https://goo.gl/fbAQLP

exports[`<RideRequestScreen /> Snapshot have a snapshot 1`] = `
<NewRideRequest
  ride={
    Object {
      "days": "Seg-Sex",
      "destination": "Bomfim",
      "driverId": "AIYmwTmrdTfUuGeuoNF0SYgXJ1j1",
      "hours": "19h",
      "origin": "PUC",
      "profile": Object {
        "contact": Object {
          "kind": "Whatsapp",
          "uid": "User ID",
          "value": "+5559999999",
        },
        "name": "Eduardo Moroni",
      },
      "rideId": "-KndyvnnlSN05mJxL57Q",
    }
  }
  saveRideRequest={[Function]}
/>
`;
