// Jest Snapshot v1, https://goo.gl/fbAQLP

exports[`<RideRequestScreen /> Snapshot have a snapshot 1`] = `
<NewRideRequestScreen
  ride={
    Object {
      "area": "Aeroporto",
      "days": "Seg a Sex",
      "destination": "Rodoviaria",
      "driverId": "driverId",
      "hours": "19h",
      "origin": "Tecnopuc",
      "profile": Object {
        "contact": Object {
          "kind": "Whatsapp",
          "value": "5198269999",
        },
        "name": "Eduardo",
      },
      "rideId": "rideId",
    }
  }
  saveRideRequest={[Function]}
/>
`;
