// Jest Snapshot v1, https://goo.gl/fbAQLP

exports[`<RideOfferScreen /> Snapshot have a snapshot 1`] = `
<View
  style={
    Object {
      "flex": 1,
    }
  }
>
  <View
    style={
      Object {
        "flex": 1,
        "justifyContent": "space-around",
        "paddingHorizontal": 50,
      }
    }
  >
    <View
      style={
        Object {
          "minHeight": 370,
        }
      }
    >
      <Ride
        ride={
          Object {
            "area": "Aeroporto",
            "days": "Seg a Sex",
            "destination": "Rodoviaria",
            "driverId": "driverId",
            "hours": "19h",
            "origin": "Tecnopuc",
            "profile": Object {
              "contact": Object {
                "kind": "Whatsapp",
                "value": "5198269999",
              },
              "name": "Eduardo",
            },
            "rideId": "rideId",
          }
        }
      />
    </View>
  </View>
  <View
    style={
      Object {
        "alignItems": "center",
        "flexDirection": "row",
        "justifyContent": "center",
      }
    }
  >
    <GradientButton
      rkType="large"
      text="SAVE"
    />
  </View>
  <View
    style={
      Object {
        "alignItems": "center",
        "flexDirection": "row",
        "justifyContent": "center",
      }
    }
  >
    <GradientButton
      onPress={[Function]}
      rkType="large"
      text="SAVE"
    />
  </View>
</View>
`;
