// Jest Snapshot v1, https://goo.gl/fbAQLP

exports[`<Ride /> Should have a snapshot 1`] = `
<TouchableOpacity
  activeOpacity={0.2}
  focusedOpacity={0.7}
  onPress={[Function]}
>
  <View>
    <RkCard>
      <View
        rkCardContent={true}
      >
        <Text
          accessible={true}
          allowFontScaling={true}
          ellipsizeMode="tail"
          rkCardTitle={true}
        >
          Rodoviaria
        </Text>
        <View
          style={
            Object {
              "alignItems": "center",
              "flexDirection": "row",
            }
          }
        >
          <Icon
            allowFontScaling={false}
            name="radio-button-unchecked"
            size={12}
            style={
              Object {
                "fontSize": 15,
                "marginRight": 5,
              }
            }
          />
          <Text
            accessible={true}
            allowFontScaling={true}
            ellipsizeMode="tail"
            rkCardText={true}
          >
            Tecnopuc
          </Text>
        </View>
        <View
          style={
            Object {
              "alignItems": "center",
              "flexDirection": "row",
            }
          }
        >
          <Icon
            allowFontScaling={false}
            name="radio-button-unchecked"
            size={12}
            style={
              Object {
                "fontSize": 15,
                "marginRight": 5,
              }
            }
          />
          <Text
            accessible={true}
            allowFontScaling={true}
            ellipsizeMode="tail"
            rkCardText={true}
          >
            Rodoviaria
          </Text>
        </View>
      </View>
      <View
        rkCardContent={true}
      >
        <View
          style={
            Object {
              "alignItems": "center",
              "flexDirection": "row",
            }
          }
        >
          <Icon
            allowFontScaling={false}
            name="today"
            size={12}
            style={
              Object {
                "fontSize": 15,
                "marginRight": 5,
              }
            }
          />
          <Text
            accessible={true}
            allowFontScaling={true}
            ellipsizeMode="tail"
            rkCardText={true}
          >
            Seg a Sex
          </Text>
        </View>
        <View
          style={
            Object {
              "alignItems": "center",
              "flexDirection": "row",
            }
          }
        >
          <Icon
            allowFontScaling={false}
            name="schedule"
            size={12}
            style={
              Object {
                "fontSize": 15,
                "marginRight": 5,
              }
            }
          />
          <Text
            accessible={true}
            allowFontScaling={true}
            ellipsizeMode="tail"
            rkCardText={true}
          >
            19h
          </Text>
        </View>
        <View
          style={
            Object {
              "alignItems": "center",
              "flexDirection": "row",
            }
          }
        >
          <Icon
            allowFontScaling={false}
            name="directions-car"
            size={12}
            style={
              Object {
                "fontSize": 15,
                "marginRight": 5,
              }
            }
          />
          <Text
            accessible={true}
            allowFontScaling={true}
            ellipsizeMode="tail"
            rkCardText={true}
          >
            Eduardo
          </Text>
        </View>
      </View>
    </RkCard>
  </View>
</TouchableOpacity>
`;
