// Jest Snapshot v1, https://goo.gl/fbAQLP

exports[`<NewRideOffer /> Should have a snapshot 1`] = `
<LoadingSpinnerView
  isLoading={false}
  style={
    Object {
      "flex": 1,
    }
  }
>
  <View
    style={
      Object {
        "flex": 1,
        "justifyContent": "space-around",
        "paddingHorizontal": 50,
      }
    }
  >
    <RkText
      style={
        Object {
          "fontSize": 38,
          "textAlign": "center",
        }
      }
    >
      Oferecer Carona
    </RkText>
    <View
      style={
        Object {
          "minHeight": 370,
        }
      }
    >
      <TextInput
        autoCapitalize="none"
        onChangeText={[Function]}
        placeholder="ORIGEM"
        rkType="rounded"
      />
      <TextInput
        autoCapitalize="none"
        onChangeText={[Function]}
        placeholder="DESTINO"
        rkType="rounded"
      />
      <TextInput
        autoCapitalize="none"
        onChangeText={[Function]}
        placeholder="DIAS"
        rkType="rounded"
      />
      <TextInput
        autoCapitalize="none"
        onChangeText={[Function]}
        placeholder="HORAS"
        rkType="rounded"
      />
      <View
        style={
          Object {
            "alignItems": "center",
            "flexDirection": "row",
            "justifyContent": "center",
          }
        }
      >
        <GradientButton
          onPress={[Function]}
          rkType="large"
          text="Oferecer carona"
        />
      </View>
    </View>
  </View>
</LoadingSpinnerView>
`;
