// Jest Snapshot v1, https://goo.gl/fbAQLP

exports[`<TextInput /> Should have a snapshot 1`] = `
<RkTextInput
  containerStyle={
    Object {
      "borderBottomColor": "#616161",
    }
  }
  label="texto"
  labelStyle={
    Object {
      "paddingBottom": 20,
    }
  }
  onChangeText={[Function]}
  rkType="underline topLabel"
  style={
    Object {
      "color": "#2196f3",
      "fontSize": 20,
    }
  }
/>
`;
