// Jest Snapshot v1, https://goo.gl/fbAQLP

exports[`<TextInput /> Should have a snapshot 1`] = `
<RkTextInput
  containerStyle={
    Object {
      "borderBottomColor": "grey",
    }
  }
  label="texto"
  labelStyle={
    Object {
      "paddingBottom": 20,
    }
  }
  onChangeText={[Function]}
  rkType="underline topLabel"
/>
`;
