// Jest Snapshot v1, https://goo.gl/fbAQLP

exports[`<LoginForm /> Should have a snapshot 1`] = `
<RkAvoidKeyboard
  onResponderRelease={[Function]}
  onStartShouldSetResponder={[Function]}
  style={
    Object {
      "backgroundColor": "#fff",
      "flex": 1,
      "justifyContent": "space-between",
      "padding": 31.388235294117646,
    }
  }
>
  <View
    style={
      Object {
        "alignItems": "center",
        "flex": 1,
        "justifyContent": "center",
        "paddingBottom": 19.61764705882353,
      }
    }
  >
    <Image
      source={1}
      style={
        Object {
          "height": 151.05588235294118,
          "resizeMode": "contain",
        }
      }
    />
    <RkText
      rkType="logo h0"
    >
      Caronaboard
    </RkText>
    <RkText
      rkType="light h1"
    >
      Awesome Slogan
    </RkText>
  </View>
  <RkTextInput
    autoCapitalize="none"
    onChangeText={[Function]}
    placeholder="Username"
    rkType="rounded"
  />
  <RkTextInput
    onChangeText={[Function]}
    placeholder="Password"
    rkType="rounded"
    secureTextEntry={true}
  />
  <View
    style={
      Object {
        "alignItems": "center",
        "flexDirection": "row",
        "justifyContent": "center",
      }
    }
  >
    <GradientButton
      onPress={[Function]}
      rkType="large"
      style={
        Object {
          "marginVertical": 20,
        }
      }
      text="buttonText"
    />
  </View>
  <View />
  <Toast
    fadeInDuration={500}
    fadeOutDuration={500}
    opacity={1}
    position="top"
    positionValue={120}
    textStyle={
      Object {
        "color": "white",
      }
    }
  />
</RkAvoidKeyboard>
`;
